// Jest Snapshot v1, https://goo.gl/fbAQLP

exports[`Category component renders 1`] = `
Object {
  "asFragment": [Function],
  "baseElement": <body>
    <div>
      <div
        class="shop"
      >
        <div
          class="shop__section"
        >
          <h1
            class="shop__category shop__category--individual"
          >
             gifts
          </h1>
          <div
            class="product-group product-group--individual"
          />
        </div>
      </div>
      <footer
        class="footer"
      >
        <p
          class="footer__text"
        >
          Designed & Built by
           
          <a
            class="footer__link"
            href="/about"
          >
            Emily Daykin
          </a>
           
          ~ Copyright © 2022
        </p>
      </footer>
    </div>
  </body>,
  "container": <div>
    <div
      class="shop"
    >
      <div
        class="shop__section"
      >
        <h1
          class="shop__category shop__category--individual"
        >
           gifts
        </h1>
        <div
          class="product-group product-group--individual"
        />
      </div>
    </div>
    <footer
      class="footer"
    >
      <p
        class="footer__text"
      >
        Designed & Built by
         
        <a
          class="footer__link"
          href="/about"
        >
          Emily Daykin
        </a>
         
        ~ Copyright © 2022
      </p>
    </footer>
  </div>,
  "debug": [Function],
  "findAllByAltText": [Function],
  "findAllByDisplayValue": [Function],
  "findAllByLabelText": [Function],
  "findAllByPlaceholderText": [Function],
  "findAllByRole": [Function],
  "findAllByTestId": [Function],
  "findAllByText": [Function],
  "findAllByTitle": [Function],
  "findByAltText": [Function],
  "findByDisplayValue": [Function],
  "findByLabelText": [Function],
  "findByPlaceholderText": [Function],
  "findByRole": [Function],
  "findByTestId": [Function],
  "findByText": [Function],
  "findByTitle": [Function],
  "getAllByAltText": [Function],
  "getAllByDisplayValue": [Function],
  "getAllByLabelText": [Function],
  "getAllByPlaceholderText": [Function],
  "getAllByRole": [Function],
  "getAllByTestId": [Function],
  "getAllByText": [Function],
  "getAllByTitle": [Function],
  "getByAltText": [Function],
  "getByDisplayValue": [Function],
  "getByLabelText": [Function],
  "getByPlaceholderText": [Function],
  "getByRole": [Function],
  "getByTestId": [Function],
  "getByText": [Function],
  "getByTitle": [Function],
  "queryAllByAltText": [Function],
  "queryAllByDisplayValue": [Function],
  "queryAllByLabelText": [Function],
  "queryAllByPlaceholderText": [Function],
  "queryAllByRole": [Function],
  "queryAllByTestId": [Function],
  "queryAllByText": [Function],
  "queryAllByTitle": [Function],
  "queryByAltText": [Function],
  "queryByDisplayValue": [Function],
  "queryByLabelText": [Function],
  "queryByPlaceholderText": [Function],
  "queryByRole": [Function],
  "queryByTestId": [Function],
  "queryByText": [Function],
  "queryByTitle": [Function],
  "rerender": [Function],
  "unmount": [Function],
}
`;
